
> frontend@0.1.0 build
> next build

node.exe : ΓÜá Warning: Next.js 
inferred your workspace root, but 
it may not be correct.
At C:\Program 
Files\nodejs\npm.ps1:29 char:3
+   & $NODE_EXE $NPM_CLI_JS $args
+   ~~~~~~~~~~~~~~~~~~~~~~~~~~~~~
    + CategoryInfo          : Not 
   Specified: (ΓÜá Warning: Ne..  
  .not be correct.:String) [],    
 RemoteException
    + FullyQualifiedErrorId : Nat 
   iveCommandError
 
 We detected multiple lockfiles 
and selected the directory of 
C:\Users\itdig\package-lock.json 
as the root directory.
 To silence this warning, set 
`turbopack.root` in your Next.js 
config, or consider removing one 
of the lockfiles if it's not 
needed.
   See https://nextjs.org/docs/app
/api-reference/config/next-config-
js/turbopack#root-directory for 
more information.
 Detected additional lockfiles: 
   * C:\Users\itdig\OneDrive\Deskt
op\savage\Internal-Company-Portal-
--SAVAGE-LLC-1\frontend\package-lo
ck.json

Γû▓ Next.js 16.1.5 (Turbopack)

  Creating an optimized production build ...
Γ£ô Compiled successfully in 10.3s
  Running TypeScript ...
  Collecting page data using 15 workers ...
  Generating static pages using 15 workers (0/24) ...
  Generating static pages using 15 workers (6/24) 
  Generating static pages using 15 workers (12/24) 
  Generating static pages using 15 workers (18/24) 
Γ£ô Generating static pages using 15 workers (24/24) in 497.2ms
  Finalizing page optimization ...

Route (app)
Γöî Γùï /
Γö£ Γùï /_not-found
Γö£ Γùï /announcements
Γö£ Γùï /chat
Γö£ Γùï /company-chat
Γö£ Γùï /daily-logs
Γö£ Γùï /dashboard
Γö£ Γùï /dev-login
Γö£ Γùï /discord
Γö£ Γùï /file-directory
Γö£ Γùï /forgot-password
Γö£ Γùï /login
Γö£ Γùï /my-payslips
Γö£ Γùï /operations
Γö£ Γùï /payroll-calendar
Γö£ Γùï /payroll-dashboard
Γö£ Γùï /private-messages
Γö£ Γùï /profile
Γö£ Γùï /signup
Γö£ Γùï /task-calendar
Γö£ Γùï /task-tracking
Γöö Γùï /whiteboard


Γùï  (Static)  prerendered as static content

