prisma/seed.ts(2,22): error TS7016: Could not find a declaration file for module 'pg'. 'C:/Users/itdig/OneDrive/Desktop/savage/Internal-Company-Portal---SAVAGE-LLC-1/backend/node_modules/pg/lib/index.js' implicitly has an 'any' type.
  Try `npm i --save-dev @types/pg` if it exists or add a new declaration (.d.ts) file containing `declare module 'pg';`
prisma/seed.ts(9,35): error TS2353: Object literal may only specify known properties, and 'adapter' does not exist in type 'Subset<PrismaClientOptions, PrismaClientOptions>'.
src/chat/chat.service.ts(24,85): error TS7006: Parameter 'u' implicitly has an 'any' type.
src/chat/chat.service.ts(86,35): error TS7006: Parameter 'c' implicitly has an 'any' type.
src/chat/chat.service.ts(87,33): error TS7006: Parameter 'p' implicitly has an 'any' type.
src/chat/chat.service.ts(88,33): error TS7006: Parameter 'p' implicitly has an 'any' type.
src/database/prisma.service.ts(2,22): error TS7016: Could not find a declaration file for module 'pg'. 'C:/Users/itdig/OneDrive/Desktop/savage/Internal-Company-Portal---SAVAGE-LLC-1/backend/node_modules/pg/lib/index.js' implicitly has an 'any' type.
  Try `npm i --save-dev @types/pg` if it exists or add a new declaration (.d.ts) file containing `declare module 'pg';`
src/database/prisma.service.ts(15,57): error TS2353: Object literal may only specify known properties, and 'adapter' does not exist in type 'Subset<PrismaClientOptions, PrismaClientOptions>'.
src/payroll/payroll.service.ts(250,49): error TS7006: Parameter 'sum' implicitly has an 'any' type.
src/payroll/payroll.service.ts(250,54): error TS7006: Parameter 'log' implicitly has an 'any' type.
src/users/users.controller.ts(120,52): error TS7006: Parameter 'r' implicitly has an 'any' type.
